[www.cosmos.studio/projects/crocs-club.html]
[backblue.gif]
[fade.gif]
[index.html]
[cdn.prod.website-files.com/64354a08ff4dd15c2539372b/css/cosmos-studio.webflow.ce2d20fb5.min.css]
[cdn.prod.website-files.com/64354a08ff4dd15c2539372b/66e0150520b84d7634586bc9_Favicon32.png]
[cdn.prod.website-files.com/64354a08ff4dd15c2539372b/66e01481097d87299b66d13b_Favicon256.png]
[cdnjs.cloudflare.com/ajax/libs/Swiper/11.0.5/swiper-bundle.min.css]
[cdn.jsdelivr.net/npm/@finsweet/attributes-cmsnest@1/cmsnest.js]
[cdn.jsdelivr.net/npm/@finsweet/attributes-cmsprevnext@1/cmsprevnext.js]
[cdn.prod.website-files.com/64354a08ff4dd15c2539372b/66ba5a08efe71070f98dd10a/66fa5a2d9b555fc1219a20bc/mtpvl6lp-1.1.1.js]
[cdn.prod.website-files.com/64354a08ff4dd15c2539372b/66c89bf137b40ad0731f77f3_Line 191 (Stroke)-1.png]
[cdn.prod.website-files.com/64354a08ff4dd15c2539372b/66c89bf1fe26d017adfadbaa_Line 191 (Stroke).png]
[cdn.prod.website-files.com/64354a08ff4dd15c2539372b/66c89bf1a3eb973454347614_Line 192 (Stroke).png]
[cdn.prod.website-files.com/64354a08ff4dd15c2539372b/66c89bf13c34b5da15825da4_Line 193 (Stroke).png]
[cdn.prod.website-files.com/64354a08ff4dd15c2539372b/66c89bf29c79dd915fc9c59a_Line 194 (Stroke).png]
[cdn.prod.website-files.com/64354a08ff4dd15c2539372b/6638fb40bf0fadd1eb19eeb0_noise-light.png]
[cdn.prod.website-files.com/64354a08ff4dd191e639373a/66cd52428b2cbacb43b07032_Frame 1000003072 (1).jpg]
[www.cosmos.studio/projects/job-cannon.html]
[www.cosmos.studio/projects/octy.html]
[www.cosmos.studio/projects/edway.html]
[www.cosmos.studio/projects/procamp.html]
[www.cosmos.studio/projects/the-23.html]
[www.cosmos.studio/projects/simply-contact.html]
[www.cosmos.studio/projects/umami-view.html]
[www.cosmos.studio/projects/sirius.html]
[www.cosmos.studio/projects/30ua.html]
[www.cosmos.studio/projects/skylight.html]
[www.cosmos.studio/projects/zeuss.html]
[www.cosmos.studio/projects/fastmates.html]
[www.cosmos.studio/projects/umami-view-website.html]
[www.cosmos.studio/projects/edcamp.html]
[cdn.prod.website-files.com/64354a08ff4dd15c2539372b/64354a08ff4dd10cfd393757_UA flag.png]
[d3e54v103j8qbb.cloudfront.net/js/jquery-3.5.1.min.dc5e7f18c8edbb.js]
[cdn.prod.website-files.com/64354a08ff4dd15c2539372b/js/webflow.2e05dbb47.js]
[cdn.jsdelivr.net/npm/gsap@3.12.5/dist/gsap.min.js]
[cdn.jsdelivr.net/npm/gsap@3.12.5/dist/ScrollTrigger.min.js]
[cdn.jsdelivr.net/npm/three@0.147.0/build/three.min.js]
[cdn.jsdelivr.net/npm/three@0.147.0/examples/js/loaders/GLTFLoader.js]
[cdn.jsdelivr.net/npm/three@0.147.0/examples/js/loaders/RGBELoader.js]
[cdn.jsdelivr.net/npm/three@0.147.0/examples/js/loaders/DRACOLoader.js]
[cdnjs.cloudflare.com/ajax/libs/bodymovin/5.12.2/lottie_canvas.min.js]
[cdn.jsdelivr.net/npm/gsap@3.12.5/dist/TextPlugin.min.js]
[cdn.jsdelivr.net/npm/gsap@3.12.5/dist/EasePack.min.js]
[cdn.jsdelivr.net/npm/swiper@11/swiper-bundle.min.js]
[cdn.jsdelivr.net/npm/@finsweet/attributes-formsubmit@1/formsubmit.js]
[www.cosmos.studio/projects/crocs-club.html]
[cdn.prod.website-files.com/64354a08ff4dd15c2539372b/css/cosmos-studio.webflow.ce2d20fb5.min.css]
[cdnjs.cloudflare.com/ajax/libs/Swiper/11.0.5/swiper-bundle.min.css]
[www.cosmos.studio/projects/job-cannon.html]
[www.cosmos.studio/projects/octy.html]
[assets.slater.app/slater/4562/18145.js]
[cdn.prod.website-files.com/64354a08ff4dd191e639373a/66f273488fbaaecfa6c45b3a_Frame 1157.jpg]
[www.cosmos.studio/projects/edway.html]
[cdn.prod.website-files.com/64354a08ff4dd191e639373a/66c5763abc3aac6f35d6c0dd_23 (1).jpg]
[www.cosmos.studio/projects/procamp.html]
[www.cosmos.studio/projects/the-23.html]
[www.cosmos.studio/projects/simply-contact.html]
[www.cosmos.studio/projects/umami-view.html]
[www.cosmos.studio/projects/sirius.html]
[www.cosmos.studio/projects/30ua.html]
[www.cosmos.studio/projects/skylight.html]
[cdn.prod.website-files.com/64354a08ff4dd191e639373a/66d1a54099a29a29b6488c04_Grid (1)-min.gif]
[cdn.prod.website-files.com/64354a08ff4dd191e639373a/66d5252f5b66df29148ce5fe_Men4 (1) (1).jpg]
[www.cosmos.studio/projects/zeuss.html]
[www.cosmos.studio/projects/fastmates.html]
[cdn.prod.website-files.com/64354a08ff4dd191e639373a/66cd80c802686f33938d6227_User Flow (1).jpg]
[www.cosmos.studio/projects/umami-view-website.html]
[www.cosmos.studio/projects/edcamp.html]
